../Core/Src/main.c:85:5:main	3
../Core/Src/main.c:155:6:SystemClock_Config	4
../Core/Src/main.c:203:13:MX_ADC1_Init	7
../Core/Src/main.c:296:13:MX_ADC2_Init	3
../Core/Src/main.c:353:13:MX_ADC3_Init	5
../Core/Src/main.c:428:13:MX_USART2_UART_Init	2
../Core/Src/main.c:463:13:MX_GPIO_Init	1
../Core/Src/main.c:514:10:check_efuse_volt	1
../Core/Src/main.c:524:10:check_buck_volt	1
../Core/Src/main.c:534:10:check_buck_current	1
../Core/Src/main.c:544:10:check_lsc_volt	1
../Core/Src/main.c:554:6:check_gpio_and_reset	4
../Core/Src/main.c:574:6:initalization	5
../Core/Src/main.c:623:6:send_msg	1
../Core/Src/main.c:632:6:Error_Handler	1
