../Core/Src/main.c:79:5:main	8	static
../Core/Src/main.c:128:6:SystemClock_Config	160	static
../Core/Src/main.c:176:13:MX_ADC1_Init	48	static
../Core/Src/main.c:280:13:MX_ADC2_Init	32	static
../Core/Src/main.c:337:13:MX_ADC3_Init	48	static
../Core/Src/main.c:403:13:MX_USART2_UART_Init	8	static
../Core/Src/main.c:438:13:MX_GPIO_Init	48	static
../Core/Src/main.c:503:6:init	8	static
../Core/Src/main.c:511:5:error	16	static
../Core/Src/main.c:522:5:efuse	24	static
../Core/Src/main.c:567:5:buck_boost	24	static
../Core/Src/main.c:605:6:Error_Handler	4	static,ignoring_inline_asm
