../Core/Src/main.c:81:5:main	1
../Core/Src/main.c:135:6:SystemClock_Config	4
../Core/Src/main.c:183:13:MX_ADC1_Init	8
../Core/Src/main.c:287:13:MX_ADC2_Init	5
../Core/Src/main.c:362:13:MX_ADC3_Init	4
../Core/Src/main.c:428:13:MX_USART2_UART_Init	2
../Core/Src/main.c:463:13:MX_GPIO_Init	1
../Core/Src/main.c:528:13:init	1
../Core/Src/main.c:536:5:error	1
../Core/Src/main.c:547:5:efuse	5
../Core/Src/main.c:590:5:buck_boost	3
../Core/Src/main.c:621:5:LSC	4
../Core/Src/main.c:646:5:CSA	4
../Core/Src/main.c:690:6:Error_Handler	1
