Finished building target: graph.elf
 
arm-none-eabi-size  graph.elf 
arm-none-eabi-objdump -h -S graph.elf  > "graph.list"
   text	   data	    bss	    dec	    hex	filename
  12360	     12	   1708	  14080	   3700	graph.elf
Finished building: default.size.stdout
 
Finished building: graph.list
 

17:37:17 Build Finished. 0 errors, 0 warnings. (took 8s.645ms)

17:37:20 **** Incremental Build of configuration Debug for project graph ****
make -j4 all 
arm-none-eabi-size  graph.elf 
   text	   data	    bss	    dec	    hex	filename
  12360	     12	   1708	  14080	   3700	graph.elf
Finished building: default.size.stdout
 
